# 4.MySQL锁机制

## 定义

锁是计算机协调多个进程或线程并发访问某一资源的机制。

在数据库中，除传统的计算资源（如CPU、RAM、I/O等）的争用以外，数据也是一种供许多用户共享的资源。如何保证数据并发访问的一致性、有效性是所有数据库必须解决的一个问题，锁冲突也是影响数据库并发访问性能的一个重要因素。从这个角度来说，锁对数据库而言显得尤其重要，也更加复杂。

## 分类

### 从对数据操作的类型（读/写）分

- 读锁（共享锁）：针对同一份数据，多个读操作可以同时进行而不会互相影响
- 写锁（排它锁）：当前写操作没有完成前，它会阻断其他写锁和读锁

### 从对数据操作的粒度分

- 表锁
- 行锁

## MySQL的三种锁

### 表锁（偏读）

偏向MyISAM存储引擎，开销小，加锁快；无死锁；锁定粒度大，发生锁冲突的概率最高，并发度最低

MyISAM在执行查询语句（SELECT）前，会自动给涉及的所有表加读锁，在执行增删改操作前，会自动给涉及的表加写锁。

MySQL的表级锁有两种模式：

- 表共享读锁（Table Read Lock）
- 表独占写锁（Table Write Lock）

锁类型|可否兼容|读锁|写锁
--|--|--|--
读锁|是|是|否
写锁|是|否|否

结论：

1. 对MyISAM表的读操作（加读锁），不会阻塞其他进程对同一表的读请求，但会阻塞对同一表的写请求。只有当读锁释放后，才会执行其它线程的写操作。
2. 对MyISAM表的写操作（加写锁），会阻塞其他进程对同一表的读和写操作，只有当写锁释放后，才会执行其它进程的读写操作

简而言之：就是读锁会阻塞写，但是不会阻塞读。而写锁则会把读和写都阻塞。

```SQL
# 表级锁分析

# 建表
create table mylock(
    id int not null primary key auto_increment,
    name varchar(20)
)engine=MyISAM;

insert into mylock(name) values
    ('a'),
    ('b'),
    ('c'),
    ('d'),
    ('e');

select * from mylock;

# 手动增加表锁的命令
# lock table 表名字 read(write), 表名字2 read(write), ...;
# 释放表锁
# unlcok tables;

# 查看表上加过的锁
show open tables;
```

#### 读锁详情

打开两个会话

通过会话1给mylock加read锁

```SQL
MariaDB [db01]> lock table mylock read;
Query OK, 0 rows affected (0.000 sec)
```

当前会话可以查询该表的记录

```SQL
MariaDB [db01]> select * from mylock;
+----+------+
| id | name |
+----+------+
|  1 | a3   |
|  2 | b    |
|  3 | c    |
|  4 | d    |
|  5 | e    |
+----+------+
5 rows in set (0.000 sec)
```

另一个会话也可以查看该表的记录

```SQL
MariaDB [db01]> select * from mylock;
+----+------+
| id | name |
+----+------+
|  1 | a3   |
|  2 | b    |
|  3 | c    |
|  4 | d    |
|  5 | e    |
+----+------+
5 rows in set (0.000 sec)
```

而当前会话不能查看或更新其它没有锁定的表

```SQL
MariaDB [db01]> select * from book;
ERROR 1100 (HY000): Table 'book' was not locked with LOCK TABLES

MariaDB [db01]> insert into book values(NULL, 1);
ERROR 1100 (HY000): Table 'book' was not locked with LOCK TABLES
```

其他会话可以查询或者更新未锁定的表

```SQL
MariaDB [db01]> select * from book limit 1;
+--------+------+
| bookid | card |
+--------+------+
|     12 |    1 |
+--------+------+

MariaDB [db01]> insert into book values(NULL, 1);
Query OK, 1 row affected (0.032 sec)
```

其他会话更新被锁定的表，会阻塞等待

```SQL
MariaDB [db01]> insert into mylock(name) values('e');

```

当前会话无法更新锁定的表

```SQL
MariaDB [db01]> insert into mylock(name) values('e');
ERROR 1099 (HY000): Table 'mylock' was locked with a READ lock and can't be updated
```

当前会话释放锁后，其他会话的阻塞操作立即被执行

```SQL
# 会话1
MariaDB [db01]> unlock tables;
```

```SQL
# 会话2
MariaDB [db01]> insert into mylock(name) values('e');
Query OK, 1 row affected (1 min 50.720 sec)
```

#### 写锁详情

开启两个会话

会话1对mylock表加写锁

```SQL
MariaDB [db01]> lock table mylock write;
Query OK, 0 rows affected (0.000 sec)
```

当前会话可以查询和更新加锁的表

```SQL
MariaDB [db01]> select * from mylock;
+----+------+
| id | name |
+----+------+
|  1 | a3   |
|  2 | b    |
|  3 | c    |
|  4 | d    |
|  5 | e    |
|  6 | e    |
+----+------+
6 rows in set (0.001 sec)

MariaDB [db01]> update mylock set name = 'a4' where id = 1;
Query OK, 1 row affected (0.001 sec)
Rows matched: 1  Changed: 1  Warnings: 0
```

当前会话无法查询和更新未被锁定的表

```SQL
MariaDB [db01]> select * from book;
ERROR 1100 (HY000): Table 'book' was not locked with LOCK TABLES

MariaDB [db01]> insert into book values(NULL, 1);
ERROR 1100 (HY000): Table 'book' was not locked with LOCK TABLES
```

其他会话可以读和写未被锁定的表

```SQL
MariaDB [db01]> select * from book limit 1;
+--------+------+
| bookid | card |
+--------+------+
|     12 |    1 |
+--------+------+
1 row in set (0.000 sec)

MariaDB [db01]> insert into book values(NULL, 1);
Query OK, 1 row affected (0.010 sec)
```

其他会话查询和更新被锁定的表都会产生阻塞

```SQL
MariaDB [db01]> select * from mylock;

```

当当前会话释放锁后，其他会话关于该表的操作会立即执行

```SQL
MariaDB [db01]> select * from mylock;
+----+------+
| id | name |
+----+------+
|  1 | a4   |
|  2 | b    |
|  3 | c    |
|  4 | d    |
|  5 | e    |
|  6 | e    |
+----+------+
6 rows in set (44.096 sec)
```

#### 表锁分析

查看哪些表被加锁了：`show open tables;`

```SQL
MariaDB [db01]> show status like 'table%';
+-----------------------------------+-------+
| Variable_name                     | Value |
+-----------------------------------+-------+
| Table_locks_immediate             | 68    |
| Table_locks_waited                | 2     |
| Table_open_cache_active_instances | 1     |
| Table_open_cache_hits             | 14    |
| Table_open_cache_misses           | 0     |
| Table_open_cache_overflows        | 0     |
+-----------------------------------+-------+
```

table_lock_immediate：产生表级锁定的次数，表示可以立即获取锁的查询次数，每立即获取锁值加1
table_lock_waited：出现表级锁定争用而发生等待的次数（不能立即获取锁的次数，每等待一次锁值加1），此值高则说明存在着较严重的表级锁征用情况

MyISAM的读写锁调度是写优先，因而MyISAM不适合做写为主的表的引擎。因为写锁后，其他线程不能做任何操作，大量的更新会使查询很难得到锁，从而造成永远阻塞

### 行锁（偏写）

偏向InnoDB存储引擎，开销大，加锁慢；会出现死锁；锁定粒度最小，发生锁冲突的概率最低，并发度也最高

#### 事务

查看当前数据库的事务隔离级别`show variables like 'tx_isolation';`：

```SQL
MariaDB [db01]> show variables like 'tx_isolation';
+---------------+-----------------+
| Variable_name | Value           |
+---------------+-----------------+
| tx_isolation  | REPEATABLE-READ |
+---------------+-----------------+
```

##### 事务的特性

- 原子性（Atomicity）：事务是一个原子操作单元，其对数据的修改，要么全部执行，要么全都不执行
- 一致性（Consistency）：在事务开始和完成时，数据都必须保持一致状态。这意味着所有相关的数据规则都必须应用于事务的修改，以保持数据的完整性；事务结束时，所有的内部数据结构（如B树索引或双向链表）也都必须是正确的
- 隔离性（Isolation）：数据库系统提供一定的隔离机制，保证事务在不收外部并发操作影响的“独立”环境执行。这意味着事务处理过程中的中间状态对外部是不可见的。
- 持久性（Durability）：事务完成之后，它对于数据的修改是永久性的，即使出现系统故障也能够保持

##### 并发事务处理带来的问题

- 脏读：事务中的修改，即使没有提交，对其他事务也都是可见的。事务可以读取未提交的数据，这也被称为脏读（Dirty Read）
- 不可重复读：事务A读取到了事务B已经提交的修改数据，不符合隔离性
- 幻读：事务A读取到了事务B提交的新增数据，不符合隔离性
- 丢失更新：两个事务同时更新某条记录，最后的更新覆盖了由其他事务所做的更新

##### MySQL的隔离级别

- 读未提交（READ UNCOMMITTED）：只能保证不读取物理上损坏的数据。事务中的修改，即使没有提交，对其他事务也都是可见的。事务可以读取未提交的数据，这也被称为脏读（Dirty Read）
- 读已提交（READ COMMITTED）：一个事务开始时，只能"看见"已经提交的事务所做的修改。解决了脏读，但会出现不可重复读
- 可重复读（REPEATABLE READ）：该隔离级别保证了在同一个事务中多次读取同样记录结果是一致的。可重复读隔离级别还是无法解决另外一个幻读（Phantom Read）的问题。所谓幻读，指的是当某个事务在读取某个范围内的记录时，另一个事务又在该范围内插入了新的记录，当之前的事务再次读取该范围的记录时，会产生幻行（Phantom Row）。
- 可串行化（SERIALIZABLE）：最高的隔离级别。它通过强制事务串行执行，避免了前面说的幻读的问题。

#### 创建表

```SQL
create table test_innodb_lock(a int(11), b varchar(16)) engine=InnoDB;

insert into test_innodb_lock values
    (1, 'b2'),
    (3, '3'),
    (4, '4000'),
    (5, '5000'),
    (6, '6000'),
    (7, '7000'),
    (8, '8000'),
    (9, '9000'),
    (1, 'b1');

create index test_innodb_lock_a on test_innodb_lock(a);
create index test_innodb_lock_b on test_innodb_lock(b);

select * from test_innodb_lock;
```

#### 关闭事务的自动提交的命令

```SQL
set autocommit = 0;
```

#### MySQL默认可重复读，因而事务只能读己之所写

对所有会话均关闭自动提交

会话1对表进行修改，能够查询到修改的内容

```SQL
MariaDB [db01]> set autocommit = 0;
Query OK, 0 rows affected (0.000 sec)

MariaDB [db01]> select * from test_innodb_lock;
+------+------+
| a    | b    |
+------+------+
|    1 | b2   |
|    3 | 3    |
|    4 | 4000 |
|    5 | 5000 |
|    6 | 6000 |
|    7 | 7000 |
|    8 | 8000 |
|    9 | 9000 |
|    1 | b1   |
+------+------+
9 rows in set (0.001 sec)

MariaDB [db01]> update test_innodb_lock set b='4001' where a=4;
Query OK, 1 row affected (0.001 sec)
Rows matched: 1  Changed: 1  Warnings: 0

MariaDB [db01]> select * from test_innodb_lock;
+------+------+
| a    | b    |
+------+------+
|    1 | b2   |
|    3 | 3    |
|    4 | 4001 |
|    5 | 5000 |
|    6 | 6000 |
|    7 | 7000 |
|    8 | 8000 |
|    9 | 9000 |
|    1 | b1   |
+------+------+
9 rows in set (0.000 sec)
```

而会话2对同样的表进行查询，查询不到未提交的事务所做的更改

```SQL
MariaDB [db01]> select * from test_innodb_lock;
+------+------+
| a    | b    |
+------+------+
|    1 | b2   |
|    3 | 3    |
|    4 | 4000 |
|    5 | 5000 |
|    6 | 6000 |
|    7 | 7000 |
|    8 | 8000 |
|    9 | 9000 |
|    1 | b1   |
+------+------+
9 rows in set (0.000 sec)
```

会话3对同表的不同行进行更新操作，操作可以执行

```SQL
MariaDB [db01]> update test_innodb_lock set b='3001' where a = 3;
Query OK, 1 row affected (0.001 sec)
Rows matched: 1  Changed: 1  Warnings: 0
```

而会话3对同表的相同记录进行更新操作，会被阻塞

```SQL
MariaDB [db01]> update test_innodb_lock set b='4002' where a = 4;

```

当会话1提交事务后

```SQL
MariaDB [db01]> commit;
Query OK, 0 rows affected (0.031 sec)
```

会话2查询到了已做的修改

```SQL
MariaDB [db01]> select * from test_innodb_lock;
+------+------+
| a    | b    |
+------+------+
|    1 | b2   |
|    3 | 3    |
|    4 | 4001 |
|    5 | 5000 |
|    6 | 6000 |
|    7 | 7000 |
|    8 | 8000 |
|    9 | 9000 |
|    1 | b1   |
+------+------+
9 rows in set (0.000 sec)
```

会话3立即执行阻塞的更新操作

```SQL
MariaDB [db01]> update test_innodb_lock set b='4002' where a = 4;
Query OK, 1 row affected (35.028 sec)
Rows matched: 1  Changed: 1  Warnings: 0
```

#### 无索引行锁会升级为表锁

全部会话都关闭自动提交

会话1使用自动类型转换进行更新，使得索引失效

```SQL
MariaDB [db01]> select * from test_innodb_lock;
+------+------+
| a    | b    |
+------+------+
|    3 | 3001 |
|    4 | 4002 |
|   51 | 5000 |
|    6 | 6000 |
|    7 | 7000 |
|    8 | 8000 |
|    9 | 9000 |
+------+------+
7 rows in set (0.000 sec)

MariaDB [db01]> update test_innodb_lock set a=61 where b = 6000;
Query OK, 1 row affected (0.000 sec)
Rows matched: 1  Changed: 1  Warnings: 0
```

会话2更新该表的不同记录行，发现被阻塞，一定时间后超时，说明行锁被升级为了表锁

```SQL
MariaDB [db01]> update test_innodb_lock set a=71 where b = 7000;
ERROR 1205 (HY000): Lock wait timeout exceeded; try restarting transaction
```

#### 间隙锁的危害

##### 什么是间隙锁

当我们用范围条件而不是相等条件检索数据，并请求共享或排他锁时，InnoDB会给符合条件的已有数据记录的索引项加锁；对于键值在条件范围内但并不存在的记录，叫做“间隙”。InnoDB也会对这个“间隙”加锁。这种锁机制就是间隙锁

##### 示例

会话1更新a=2~5的数据

```SQL
MariaDB [db01]> select * from test_innodb_lock;
+------+------+
| a    | b    |
+------+------+
|    3 | 3001 |
|    4 | 4002 |
|    5 | 5000 |
|    6 | 6000 |
|   71 | 7000 |
|    8 | 8000 |
|    9 | 9000 |
|    1 | 1000 |
+------+------+
8 rows in set (0.000 sec)

MariaDB [db01]> update test_innodb_lock set b = '3450' where a>1 and a<6;
Query OK, 3 rows affected (0.001 sec)
Rows matched: 3  Changed: 3  Warnings: 0
```

因为表中没有a=2的记录，会话2尝试加入这条记录，但是被阻塞。说明MySQL对间隙也加了锁

```SQL
MariaDB [db01]> insert into test_innodb_lock values (2, 2000);

```

#### 锁定一行

```SQL
select * from test_innodb_lock where a = 8 for update;
```

#### 查看行级锁

```SQL
MariaDB [db01]> show status like 'innodb_row_lock%';
+-------------------------------+--------+
| Variable_name                 | Value  |
+-------------------------------+--------+
| Innodb_row_lock_current_waits | 0      |
| Innodb_row_lock_time          | 162879 |
| Innodb_row_lock_time_avg      | 27146  |
| Innodb_row_lock_time_max      | 51126  |
| Innodb_row_lock_waits         | 6      |
+-------------------------------+--------+
```

- Innodb_row_lock_current_waits：当前正在等待锁定的数量
- Innodb_row_lock_time：从系统启动到现在锁定总时间长度
- Innodb_row_lock_time_avg：每次等待所花平均值
- Innodb_row_lock_time_max：从系统启动到现在等待最长的一次所花费的时间
- Innodb_row_lock_waits：系统启动后到现在总共等待的次数

### 页锁

开销和加锁时间介于表锁和行锁之间。会出现死锁，锁粒度介于表锁和行锁之间，并发度一般。